   Compiling mc_translator_rs v0.2.0 (X:\D\MCTEST\mc_translator_rs)
    Finished `dev` profile [unoptimized + debuginfo] target(s) in 1.48s
